// Jest Snapshot v1, https://goo.gl/fbAQLP

exports[`boilerplate for SleepersListView should render the view 1`] = `
<View
  style={
    [
      {
        "backgroundColor": "#000",
      },
      {
        "alignItems": "center",
        "flex": 1,
        "justifyContent": "center",
        "width": "100%",
      },
    ]
  }
>
  <RCTScrollView
    ItemSeparatorComponent={[Function]}
    data={
      [
        {
          "email": "doejohn@email.com",
          "id": "2228b530e055401f81ba37b51ff6f81d",
          "name": "John Doe",
        },
        {
          "email": "doejane@email.com",
          "id": "d6c1355e38194139b8d0c870baf86365",
          "name": "Jane Doe",
        },
        {
          "email": "doejim@email.com",
          "id": "f9bf229fd19e4c799e8c19a962d73449",
          "name": "Jim Doe",
        },
      ]
    }
    getItem={[Function]}
    getItemCount={[Function]}
    keyExtractor={[Function]}
    onContentSizeChange={[Function]}
    onLayout={[Function]}
    onMomentumScrollBegin={[Function]}
    onMomentumScrollEnd={[Function]}
    onScroll={[Function]}
    onScrollBeginDrag={[Function]}
    onScrollEndDrag={[Function]}
    removeClippedSubviews={false}
    renderItem={[Function]}
    scrollEventThrottle={0.0001}
    stickyHeaderIndices={[]}
    style={
      {
        "flex": 1,
        "marginVertical": 20,
        "width": "100%",
      }
    }
    viewabilityConfigCallbackPairs={[]}
  >
    <View>
      <View
        onFocusCapture={[Function]}
        onLayout={[Function]}
        style={null}
      >
        <View
          accessibilityState={
            {
              "busy": undefined,
              "checked": undefined,
              "disabled": undefined,
              "expanded": undefined,
              "selected": undefined,
            }
          }
          accessibilityValue={
            {
              "max": undefined,
              "min": undefined,
              "now": undefined,
              "text": undefined,
            }
          }
          accessible={true}
          collapsable={false}
          focusable={true}
          onClick={[Function]}
          onResponderGrant={[Function]}
          onResponderMove={[Function]}
          onResponderRelease={[Function]}
          onResponderTerminate={[Function]}
          onResponderTerminationRequest={[Function]}
          onStartShouldSetResponder={[Function]}
          style={
            {
              "flex": 1,
              "marginHorizontal": 0,
              "opacity": 1,
            }
          }
          testID="2228b530e055401f81ba37b51ff6f81d"
        >
          <View
            style={
              [
                {
                  "backgroundColor": "#202020",
                },
                {
                  "alignItems": "center",
                  "borderRadius": 5,
                  "flexDirection": "column",
                  "height": 125,
                  "justifyContent": "space-between",
                  "padding": 12,
                  "width": "100%",
                },
              ]
            }
          >
            <View
              style={
                {
                  "alignItems": "center",
                  "display": "flex",
                  "flexDirection": "row",
                  "justifyContent": "space-between",
                  "width": "100%",
                }
              }
            >
              <Text
                style={
                  [
                    {
                      "color": "white",
                    },
                    {
                      "fontSize": 20,
                      "fontWeight": "bold",
                    },
                  ]
                }
              >
                John Doe
              </Text>
              <View
                style={
                  {
                    "paddingHorizontal": 18,
                    "paddingVertical": 5,
                  }
                }
              >
                <Text
                  style={
                    [
                      {
                        "color": "white",
                      },
                      {
                        "fontSize": 12,
                        "fontWeight": "bold",
                      },
                    ]
                  }
                >
                  See insights
                </Text>
              </View>
              <Image
                source={
                  {
                    "testUri": "../../../src/components/images/Chevron.png",
                  }
                }
                style={
                  [
                    {
                      "height": 16,
                      "width": 9,
                    },
                    undefined,
                  ]
                }
              />
            </View>
            <View
              style={
                [
                  {
                    "alignItems": "center",
                    "display": "flex",
                    "flexDirection": "row",
                    "justifyContent": "space-between",
                    "width": "100%",
                  },
                  {
                    "paddingHorizontal": 15,
                  },
                ]
              }
            >
              <View>
                <Text
                  style={
                    {
                      "color": "#ADB3C5",
                      "fontSize": 12,
                      "fontWeight": "400",
                      "paddingBottom": 5,
                      "textTransform": "uppercase",
                    }
                  }
                >
                  Deep sleep
                </Text>
                <Text
                  style={
                    [
                      {
                        "color": "white",
                      },
                      {},
                    ]
                  }
                >
                  1h 2m
                </Text>
              </View>
              <View>
                <Text
                  style={
                    {
                      "color": "#ADB3C5",
                      "fontSize": 12,
                      "fontWeight": "400",
                      "paddingBottom": 5,
                      "textTransform": "uppercase",
                    }
                  }
                >
                  Sleep score
                  <Text
                    style={
                      {
                        "fontSize": 11,
                        "textTransform": "lowercase",
                      }
                    }
                  >
                     (%)
                  </Text>
                </Text>
              </View>
            </View>
          </View>
        </View>
        <View
          style={
            {
              "height": 12,
            }
          }
        />
      </View>
      <View
        onFocusCapture={[Function]}
        onLayout={[Function]}
        style={null}
      >
        <View
          accessibilityState={
            {
              "busy": undefined,
              "checked": undefined,
              "disabled": undefined,
              "expanded": undefined,
              "selected": undefined,
            }
          }
          accessibilityValue={
            {
              "max": undefined,
              "min": undefined,
              "now": undefined,
              "text": undefined,
            }
          }
          accessible={true}
          collapsable={false}
          focusable={true}
          onClick={[Function]}
          onResponderGrant={[Function]}
          onResponderMove={[Function]}
          onResponderRelease={[Function]}
          onResponderTerminate={[Function]}
          onResponderTerminationRequest={[Function]}
          onStartShouldSetResponder={[Function]}
          style={
            {
              "flex": 1,
              "marginHorizontal": 0,
              "opacity": 1,
            }
          }
          testID="d6c1355e38194139b8d0c870baf86365"
        >
          <View
            style={
              [
                {
                  "backgroundColor": "#202020",
                },
                {
                  "alignItems": "center",
                  "borderRadius": 5,
                  "flexDirection": "column",
                  "height": 125,
                  "justifyContent": "space-between",
                  "padding": 12,
                  "width": "100%",
                },
              ]
            }
          >
            <View
              style={
                {
                  "alignItems": "center",
                  "display": "flex",
                  "flexDirection": "row",
                  "justifyContent": "space-between",
                  "width": "100%",
                }
              }
            >
              <Text
                style={
                  [
                    {
                      "color": "white",
                    },
                    {
                      "fontSize": 20,
                      "fontWeight": "bold",
                    },
                  ]
                }
              >
                Jane Doe
              </Text>
              <Image
                source={
                  {
                    "testUri": "../../../src/components/images/Chevron.png",
                  }
                }
                style={
                  [
                    {
                      "height": 16,
                      "width": 9,
                    },
                    undefined,
                  ]
                }
              />
            </View>
            <View
              style={
                [
                  {
                    "alignItems": "center",
                    "display": "flex",
                    "flexDirection": "row",
                    "justifyContent": "space-between",
                    "width": "100%",
                  },
                  {
                    "paddingHorizontal": 15,
                  },
                ]
              }
            >
              <View>
                <Text
                  style={
                    {
                      "color": "#ADB3C5",
                      "fontSize": 12,
                      "fontWeight": "400",
                      "paddingBottom": 5,
                      "textTransform": "uppercase",
                    }
                  }
                >
                  Deep sleep
                </Text>
                <Text
                  style={
                    [
                      {
                        "color": "white",
                      },
                      {},
                    ]
                  }
                >
                  1h 52m
                </Text>
              </View>
              <View>
                <Text
                  style={
                    {
                      "color": "#ADB3C5",
                      "fontSize": 12,
                      "fontWeight": "400",
                      "paddingBottom": 5,
                      "textTransform": "uppercase",
                    }
                  }
                >
                  Sleep score
                  <Text
                    style={
                      {
                        "fontSize": 11,
                        "textTransform": "lowercase",
                      }
                    }
                  >
                     (%)
                  </Text>
                </Text>
              </View>
            </View>
          </View>
        </View>
        <View
          style={
            {
              "height": 12,
            }
          }
        />
      </View>
      <View
        onFocusCapture={[Function]}
        onLayout={[Function]}
        style={null}
      >
        <View
          accessibilityState={
            {
              "busy": undefined,
              "checked": undefined,
              "disabled": undefined,
              "expanded": undefined,
              "selected": undefined,
            }
          }
          accessibilityValue={
            {
              "max": undefined,
              "min": undefined,
              "now": undefined,
              "text": undefined,
            }
          }
          accessible={true}
          collapsable={false}
          focusable={true}
          onClick={[Function]}
          onResponderGrant={[Function]}
          onResponderMove={[Function]}
          onResponderRelease={[Function]}
          onResponderTerminate={[Function]}
          onResponderTerminationRequest={[Function]}
          onStartShouldSetResponder={[Function]}
          style={
            {
              "flex": 1,
              "marginHorizontal": 0,
              "opacity": 1,
            }
          }
          testID="f9bf229fd19e4c799e8c19a962d73449"
        >
          <View
            style={
              [
                {
                  "backgroundColor": "#202020",
                },
                {
                  "alignItems": "center",
                  "borderRadius": 5,
                  "flexDirection": "column",
                  "height": 125,
                  "justifyContent": "space-between",
                  "padding": 12,
                  "width": "100%",
                },
              ]
            }
          >
            <View
              style={
                {
                  "alignItems": "center",
                  "display": "flex",
                  "flexDirection": "row",
                  "justifyContent": "space-between",
                  "width": "100%",
                }
              }
            >
              <Text
                style={
                  [
                    {
                      "color": "white",
                    },
                    {
                      "fontSize": 20,
                      "fontWeight": "bold",
                    },
                  ]
                }
              >
                Jim Doe
              </Text>
              <Image
                source={
                  {
                    "testUri": "../../../src/components/images/Chevron.png",
                  }
                }
                style={
                  [
                    {
                      "height": 16,
                      "width": 9,
                    },
                    undefined,
                  ]
                }
              />
            </View>
            <View
              style={
                [
                  {
                    "alignItems": "center",
                    "display": "flex",
                    "flexDirection": "row",
                    "justifyContent": "space-between",
                    "width": "100%",
                  },
                  {
                    "paddingHorizontal": 15,
                  },
                ]
              }
            >
              <View>
                <Text
                  style={
                    {
                      "color": "#ADB3C5",
                      "fontSize": 12,
                      "fontWeight": "400",
                      "paddingBottom": 5,
                      "textTransform": "uppercase",
                    }
                  }
                >
                  Deep sleep
                </Text>
                <Text
                  style={
                    [
                      {
                        "color": "white",
                      },
                      {},
                    ]
                  }
                >
                  2h 14m
                </Text>
              </View>
              <View>
                <Text
                  style={
                    {
                      "color": "#ADB3C5",
                      "fontSize": 12,
                      "fontWeight": "400",
                      "paddingBottom": 5,
                      "textTransform": "uppercase",
                    }
                  }
                >
                  Sleep score
                  <Text
                    style={
                      {
                        "fontSize": 11,
                        "textTransform": "lowercase",
                      }
                    }
                  >
                     (%)
                  </Text>
                </Text>
              </View>
            </View>
          </View>
        </View>
      </View>
    </View>
  </RCTScrollView>
</View>
`;
