// Jest Snapshot v1, https://goo.gl/fbAQLP

exports[`boilerplate for SuggestionView should render the view 1`] = `
<View
  style={
    {
      "gap": 20,
      "padding": 8,
    }
  }
>
  <View
    style={
      {
        "gap": 12,
        "padding": 8,
      }
    }
  >
    <Text
      style={
        [
          {
            "color": "white",
          },
          [
            {
              "color": "white",
            },
            {
              "fontSize": 22,
              "fontWeight": "700",
            },
            [
              {
                "textAlign": "center",
              },
              {
                "textTransform": "capitalize",
              },
            ],
          ],
        ]
      }
    >
      Temperature suggestion
    </Text>
    <Text
      style={
        [
          {
            "color": "white",
          },
          [
            {
              "textAlign": "center",
            },
            {
              "fontSize": 16,
            },
          ],
        ]
      }
    >
      Based on your recent activity, we suggest a cooler temperature for your Pod tonight.
    </Text>
  </View>
  <View
    style={
      {
        "gap": 8,
      }
    }
  >
    <View
      accessibilityState={
        {
          "busy": undefined,
          "checked": undefined,
          "disabled": undefined,
          "expanded": undefined,
          "selected": undefined,
        }
      }
      accessibilityValue={
        {
          "max": undefined,
          "min": undefined,
          "now": undefined,
          "text": undefined,
        }
      }
      accessible={true}
      collapsable={false}
      focusable={true}
      onClick={[Function]}
      onResponderGrant={[Function]}
      onResponderMove={[Function]}
      onResponderRelease={[Function]}
      onResponderTerminate={[Function]}
      onResponderTerminationRequest={[Function]}
      onStartShouldSetResponder={[Function]}
      style={
        {
          "alignItems": "center",
          "backgroundColor": "#246AFF",
          "borderRadius": 6,
          "height": 54,
          "justifyContent": "center",
          "opacity": 1,
        }
      }
    >
      <Text
        style={
          [
            {
              "color": "white",
            },
            {
              "fontSize": 14,
              "fontWeight": "700",
            },
          ]
        }
      >
        Accept changes
      </Text>
    </View>
    <View
      accessibilityState={
        {
          "busy": undefined,
          "checked": undefined,
          "disabled": undefined,
          "expanded": undefined,
          "selected": undefined,
        }
      }
      accessibilityValue={
        {
          "max": undefined,
          "min": undefined,
          "now": undefined,
          "text": undefined,
        }
      }
      accessible={true}
      collapsable={false}
      focusable={true}
      onClick={[Function]}
      onResponderGrant={[Function]}
      onResponderMove={[Function]}
      onResponderRelease={[Function]}
      onResponderTerminate={[Function]}
      onResponderTerminationRequest={[Function]}
      onStartShouldSetResponder={[Function]}
      style={
        {
          "alignItems": "center",
          "borderRadius": 6,
          "height": 54,
          "justifyContent": "center",
          "opacity": 1,
        }
      }
    >
      <Text
        style={
          [
            {
              "color": "white",
            },
            {
              "fontSize": 14,
              "fontWeight": "700",
            },
          ]
        }
      >
        Not tonight
      </Text>
    </View>
  </View>
</View>
`;
